BUAD 
Max Nikias
Steven B. Sample

CANST 
David Pritchard

CSCI 
Aaron Cote
David Pritchard

CECS 
Mark W. Redekopp
Merrick Bautista

EE 
Mark W. Redekopp
Nisar Ahmed

BISC 
Merrick Bautista

HRTHS 
Aaron Cote

