CECS 
Mark W. Redekopp

EE 
Mark W. Redekopp

BUAD 
Max Nikias

