BUAD 
Max Nikias
Steven B. Sample

EE 
Mark W. Redekopp
Max Nikias
Steven B. Sample

FNDR 
Max Nikias

CANST 
David Pritchard

CSCI 
David Pritchard

CECS 
Mark W. Redekopp

