CSCI 
Aaron Cote
David Pritchard

HRTHS 
Aaron Cote

BUAD 
Max Nikias
Steven B. Sample

EE 
Max Nikias
Steven B. Sample

FNDR 
Max Nikias

CANST 
David Pritchard

PHCS 
David Pritchard

