BUAD 
CS Minorville

CSGM 
Mike Zyda

PHCS 
Joe Genius

