CECS 
Merrick Bautista

CSCI 
David Kempe

EE 
Mark W. Redekopp

