EE 
Nisar Ahmed

CSCI 
Aaron Cheney

COMM 
Student Athlete

