1. Number of tweets=6
2. Unique users
user1,
user2
user3
user1
newuser
ev
twitter
3. Unique hashtags
hashtag
to
extreme
JustDoIt
HelloWorld
tweet
