1. Number of tweets=3
2. Unique users
rt,
dpg,
rt
3. Unique hashtags
dropbox
GoogleDrive
