black white 
black 
white 
black black 
black white 
