white white black white black white white black black white 
